Jun-23 01:49:39.528 [main] DEBUG nextflow.cli.Launcher - $> nextflow run nextflow/evaluate_metagenome.nf -c /home/adibad/projects/microbyoume/nextflow/evaluate_metagenome.nf
Jun-23 01:49:39.688 [main] DEBUG nextflow.cli.CmdRun - N E X T F L O W  ~  version 26.04.4
Jun-23 01:49:39.775 [main] DEBUG nextflow.plugin.PluginsFacade - Setting up plugin manager > mode=prod; embedded=false; plugins-dir=/home/adibad/.nextflow/plugins; core-plugins: nf-amazon@3.9.2,nf-azure@1.22.6,nf-cloudcache@0.6.0,nf-codecommit@0.5.3,nf-console@1.3.0,nf-google@1.27.3,nf-k8s@1.5.4,nf-seqera@0.21.0,nf-tower@1.28.1,nf-wave@1.21.0
Jun-23 01:49:39.828 [main] INFO  o.pf4j.DefaultPluginStatusProvider - Enabled plugins: []
Jun-23 01:49:39.831 [main] INFO  o.pf4j.DefaultPluginStatusProvider - Disabled plugins: []
Jun-23 01:49:39.840 [main] INFO  org.pf4j.DefaultPluginManager - PF4J version 3.14.1 in 'deployment' mode
Jun-23 01:49:39.872 [main] DEBUG nextflow.util.RetryConfig - Missing nextflow session - using default retry config
Jun-23 01:49:40.158 [main] DEBUG nextflow.plugin.PluginUpdater - Using plugin repository: HttpPluginRepository [registry]; url=https://registry.nextflow.io/api
Jun-23 01:49:40.168 [main] INFO  org.pf4j.AbstractPluginManager - No plugins
Jun-23 01:49:40.248 [main] DEBUG nextflow.config.ConfigBuilder - User config file: /home/adibad/projects/microbyoume/nextflow/evaluate_metagenome.nf
Jun-23 01:49:40.255 [main] DEBUG nextflow.config.ConfigBuilder - Parsing config file: /home/adibad/projects/microbyoume/nextflow/evaluate_metagenome.nf
Jun-23 01:49:40.264 [main] DEBUG nextflow.config.ConfigParserFactory - Using config parser v2
Jun-23 01:49:40.312 [main] DEBUG nextflow.config.ConfigBuilder - Applying config profile: `standard`
Jun-23 01:49:40.611 [main] ERROR nextflow.cli.Launcher - Config parsing failed
nextflow.exception.ConfigParseException: Config parsing failed
	at nextflow.config.parser.v2.ConfigParserV2.parse(ConfigParserV2.groovy:162)
	at org.codehaus.groovy.vmplugin.v8.IndyInterface.fromCache(IndyInterface.java:321)
	at nextflow.config.parser.v2.ConfigParserV2.parse(ConfigParserV2.groovy:192)
	at org.codehaus.groovy.vmplugin.v8.IndyInterface.fromCache(IndyInterface.java:321)
	at nextflow.config.ConfigBuilder.parse0(ConfigBuilder.groovy:456)
	at org.codehaus.groovy.vmplugin.v8.IndyInterface.fromCache(IndyInterface.java:321)
	at nextflow.config.ConfigBuilder.merge0(ConfigBuilder.groovy:441)
	at org.codehaus.groovy.vmplugin.v8.IndyInterface.fromCache(IndyInterface.java:321)
	at nextflow.config.ConfigBuilder.buildConfig0(ConfigBuilder.groovy:397)
	at org.codehaus.groovy.vmplugin.v8.IndyInterface.fromCache(IndyInterface.java:321)
	at nextflow.config.ConfigBuilder.buildGivenFiles(ConfigBuilder.groovy:336)
	at org.codehaus.groovy.vmplugin.v8.IndyInterface.fromCache(IndyInterface.java:321)
	at nextflow.config.ConfigBuilder.buildConfigObject(ConfigBuilder.groovy:808)
	at org.codehaus.groovy.vmplugin.v8.IndyInterface.fromCache(IndyInterface.java:321)
	at nextflow.config.ConfigBuilder.build(ConfigBuilder.groovy:821)
	at nextflow.cli.CmdRun.run(CmdRun.groovy:368)
	at nextflow.cli.Launcher.run(Launcher.groovy:526)
	at nextflow.cli.Launcher.main(Launcher.groovy:686)
Caused by: org.codehaus.groovy.control.MultipleCompilationErrorsException: startup failed:
_nf_config_742a997fe2b0dc91: 2: Unexpected input: 'run_fastqc' @ line 2, column 9.
   process run_fastqc {
           ^

1 error

	at org.codehaus.groovy.control.ErrorCollector.failIfErrors(ErrorCollector.java:292)
	at org.codehaus.groovy.control.ErrorCollector.addFatalError(ErrorCollector.java:148)
	at nextflow.config.parser.ConfigAstBuilder.collectSyntaxError(ConfigAstBuilder.java:1407)
	at nextflow.config.parser.ConfigAstBuilder$1.syntaxError(ConfigAstBuilder.java:1428)
	at org.antlr.v4.runtime.ProxyErrorListener.syntaxError(ProxyErrorListener.java:44)
	at org.antlr.v4.runtime.Parser.notifyErrorListeners(Parser.java:543)
	at nextflow.script.parser.DescriptiveErrorStrategy.notifyErrorListeners(DescriptiveErrorStrategy.java:121)
	at nextflow.script.parser.DescriptiveErrorStrategy.reportNoViableAlternative(DescriptiveErrorStrategy.java:94)
	at nextflow.script.parser.DescriptiveErrorStrategy.recover(DescriptiveErrorStrategy.java:51)
	at nextflow.config.parser.ConfigParser.compilationUnit(ConfigParser.java:286)
	at nextflow.config.parser.ConfigAstBuilder.buildCST(ConfigAstBuilder.java:163)
	at nextflow.config.parser.ConfigAstBuilder.buildCST(ConfigAstBuilder.java:148)
	at nextflow.config.parser.ConfigAstBuilder.buildAST(ConfigAstBuilder.java:177)
	at nextflow.config.parser.ConfigParserPlugin.buildAST(ConfigParserPlugin.java:51)
	at org.codehaus.groovy.control.SourceUnit.buildAST(SourceUnit.java:256)
	at java.base/java.util.Iterator.forEachRemaining(Iterator.java:133)
	at java.base/java.util.Spliterators$IteratorSpliterator.forEachRemaining(Spliterators.java:1845)
	at java.base/java.util.stream.ReferencePipeline$Head.forEach(ReferencePipeline.java:762)
	at org.codehaus.groovy.control.CompilationUnit.compile(CompilationUnit.java:631)
	at nextflow.config.parser.v2.ConfigCompiler.compile0(ConfigCompiler.java:112)
	at nextflow.config.parser.v2.ConfigCompiler.compile(ConfigCompiler.java:97)
	at nextflow.config.parser.v2.ConfigParserV2.parse(ConfigParserV2.groovy:141)
	... 17 common frames omitted
